// Jest Snapshot v1, https://goo.gl/fbAQLP

exports[`Coding View Javascript index should render Javascript coding view properly 1`] = `
<div
  class="app"
>
  <div
    class="grid"
    style="width: 100%; height: 100%;"
  >
    <div
      class="border  horizontal"
      style="width: 567px; padding-right: 5px;"
    >
      <div
        class="border  vertical"
        style="width: 562px; height: 484px; padding-bottom: 5px;"
      >
        <div
          class="item"
        >
          <div
            class="label"
          >
            code
          </div>
          <div
            class=" ace_editor ace-monokai ace_dark code"
            id="brace-editor"
            style="width: 500px; height: 500px;"
          >
            <textarea
              autocapitalize="off"
              autocorrect="off"
              class="ace_text-input"
              spellcheck="false"
              style="opacity: 0;"
              wrap="off"
            />
            <div
              aria-hidden="true"
              class="ace_gutter"
            >
              <div
                class="ace_layer ace_gutter-layer ace_folding-enabled"
              />
              <div
                class="ace_gutter-active-line"
              />
            </div>
            <div
              class="ace_scroller"
            >
              <div
                class="ace_content"
              >
                <div
                  class="ace_layer ace_print-margin-layer"
                >
                  <div
                    class="ace_print-margin"
                    style="left: 4px; visibility: hidden;"
                  />
                </div>
                <div
                  class="ace_layer ace_marker-layer"
                />
                <div
                  class="ace_layer ace_text-layer"
                  style="padding: 0px 4px;"
                />
                <div
                  class="ace_layer ace_marker-layer"
                />
                <div
                  class="ace_layer ace_cursor-layer ace_hidden-cursors"
                >
                  <div
                    class="ace_cursor"
                  />
                </div>
              </div>
            </div>
            <div
              class="ace_scrollbar ace_scrollbar-v"
              style="display: none; width: 20px;"
            >
              <div
                class="ace_scrollbar-inner"
                style="width: 20px;"
              />
            </div>
            <div
              class="ace_scrollbar ace_scrollbar-h"
              style="display: none; height: 20px;"
            >
              <div
                class="ace_scrollbar-inner"
                style="height: 20px;"
              />
            </div>
            <div
              style="height: auto; width: auto; top: 0px; left: 0px; visibility: hidden; position: absolute; white-space: pre; overflow: hidden;"
            >
              <div
                style="height: auto; width: auto; top: 0px; left: 0px; visibility: hidden; position: absolute; white-space: pre; overflow: visible;"
              />
              <div
                style="height: auto; width: auto; top: 0px; left: 0px; visibility: hidden; position: absolute; white-space: pre; overflow: visible;"
              >
                XXXXXXXXXXXXXXXXXXXXXXXXXXXXXXXXXXXXXXXXXXXXXXXXXXXXXXXXXXXXXXXXXXXXXXXXXXXXXXXXXXXXXXXXXXXXXXXXXXXX
              </div>
            </div>
          </div>
        </div>
      </div>
      <div
        class="border "
        style="width: 562px; height: -484px;"
      >
        <div
          class="item"
        >
          <div
            class="label"
          >
            unit test
          </div>
          <div
            class="test-widget"
          >
            <div
              class=" ace_editor ace-tm"
              id="brace-editor"
              style="width: 500px; height: 500px;"
            >
              <textarea
                autocapitalize="off"
                autocorrect="off"
                class="ace_text-input"
                spellcheck="false"
                style="opacity: 0;"
                wrap="off"
              />
              <div
                aria-hidden="true"
                class="ace_gutter"
              >
                <div
                  class="ace_layer ace_gutter-layer ace_folding-enabled"
                />
                <div
                  class="ace_gutter-active-line"
                />
              </div>
              <div
                class="ace_scroller"
              >
                <div
                  class="ace_content"
                >
                  <div
                    class="ace_layer ace_print-margin-layer"
                  >
                    <div
                      class="ace_print-margin"
                      style="left: 4px; visibility: hidden;"
                    />
                  </div>
                  <div
                    class="ace_layer ace_marker-layer"
                  />
                  <div
                    class="ace_layer ace_text-layer"
                    style="padding: 0px 4px;"
                  />
                  <div
                    class="ace_layer ace_marker-layer"
                  />
                  <div
                    class="ace_layer ace_cursor-layer ace_hidden-cursors"
                  >
                    <div
                      class="ace_cursor"
                    />
                  </div>
                </div>
              </div>
              <div
                class="ace_scrollbar ace_scrollbar-v"
                style="display: none; width: 20px;"
              >
                <div
                  class="ace_scrollbar-inner"
                  style="width: 20px;"
                />
              </div>
              <div
                class="ace_scrollbar ace_scrollbar-h"
                style="display: none; height: 20px;"
              >
                <div
                  class="ace_scrollbar-inner"
                  style="height: 20px;"
                />
              </div>
              <div
                style="height: auto; width: auto; top: 0px; left: 0px; visibility: hidden; position: absolute; white-space: pre; overflow: hidden;"
              >
                <div
                  style="height: auto; width: auto; top: 0px; left: 0px; visibility: hidden; position: absolute; white-space: pre; overflow: visible;"
                />
                <div
                  style="height: auto; width: auto; top: 0px; left: 0px; visibility: hidden; position: absolute; white-space: pre; overflow: visible;"
                >
                  XXXXXXXXXXXXXXXXXXXXXXXXXXXXXXXXXXXXXXXXXXXXXXXXXXXXXXXXXXXXXXXXXXXXXXXXXXXXXXXXXXXXXXXXXXXXXXXXXXXX
                </div>
              </div>
            </div>
          </div>
        </div>
      </div>
    </div>
    <div
      class="border "
      style="width: -562px;"
    >
      <div
        class="border  vertical"
        style="width: -562px; height: 384px; padding-bottom: 5px;"
      >
        <div
          class="item"
        >
          <div
            class="label"
          >
            unit test result
          </div>
          <div
            class="tape"
          >
            <div
              class="description"
            >
              1
            </div>
          </div>
        </div>
      </div>
      <div
        class="border "
        style="width: -562px; height: -384px;"
      >
        <div
          class="item"
        >
          <div
            class="label"
          >
            console
          </div>
          <div
            class="console-widget "
          >
            <div
              class="console"
            >
              <div
                class="text"
              >
                1
              </div>
            </div>
            <div
              class="console"
            >
              <div
                class="text"
              >
                2
              </div>
            </div>
          </div>
        </div>
      </div>
    </div>
  </div>
</div>
`;
