// Jest Snapshot v1, https://goo.gl/fbAQLP

exports[`<CreateRoomModal /> after create room success should render as snapshot 1`] = `"<div class=\\"ant-modal-root\\"><div class=\\"ant-modal-mask fade-appear\\"></div><div tabindex=\\"-1\\" class=\\"ant-modal-wrap \\" role=\\"dialog\\" aria-labelledby=\\"rcDialogTitle6\\"><div role=\\"document\\" style=\\"width: 520px;\\" class=\\"ant-modal zoom-appear\\"><div tabindex=\\"0\\" style=\\"width: 0px; height: 0px; overflow: hidden;\\" aria-hidden=\\"true\\"></div><div class=\\"ant-modal-content\\"><button type=\\"button\\" aria-label=\\"Close\\" class=\\"ant-modal-close\\"><span class=\\"ant-modal-close-x\\"><i aria-label=\\"icon: close\\" class=\\"anticon anticon-close ant-modal-close-icon\\"><svg viewBox=\\"64 64 896 896\\" focusable=\\"false\\" class=\\"\\" data-icon=\\"close\\" width=\\"1em\\" height=\\"1em\\" fill=\\"currentColor\\" aria-hidden=\\"true\\"><path d=\\"M563.8 512l262.5-312.9c4.4-5.2.7-13.1-6.1-13.1h-79.8c-4.7 0-9.2 2.1-12.3 5.7L511.6 449.8 295.1 191.7c-3-3.6-7.5-5.7-12.3-5.7H203c-6.8 0-10.5 7.9-6.1 13.1L459.4 512 196.9 824.9A7.95 7.95 0 0 0 203 838h79.8c4.7 0 9.2-2.1 12.3-5.7l216.5-258.1 216.5 258.1c3 3.6 7.5 5.7 12.3 5.7h79.8c6.8 0 10.5-7.9 6.1-13.1L563.8 512z\\"></path></svg></i></span></button><div class=\\"ant-modal-header\\"><div class=\\"ant-modal-title\\" id=\\"rcDialogTitle6\\">Welcome to Room - Z77</div></div><div class=\\"ant-modal-body\\"><p>Candidate: test room 1</p><div class=\\"content\\"><input readonly=\\"\\" type=\\"text\\" class=\\"ant-input ant-input-lg\\" value=\\"http://localhost//f509ee49-c4d6-4d3c-b357-2d18454b01f2\\"><button type=\\"button\\" class=\\"ant-btn copyButton\\"><i aria-label=\\"icon: copy\\" class=\\"anticon anticon-copy\\"><svg viewBox=\\"64 64 896 896\\" focusable=\\"false\\" class=\\"\\" data-icon=\\"copy\\" width=\\"1em\\" height=\\"1em\\" fill=\\"currentColor\\" aria-hidden=\\"true\\"><path d=\\"M832 64H296c-4.4 0-8 3.6-8 8v56c0 4.4 3.6 8 8 8h496v688c0 4.4 3.6 8 8 8h56c4.4 0 8-3.6 8-8V96c0-17.7-14.3-32-32-32zM704 192H192c-17.7 0-32 14.3-32 32v530.7c0 8.5 3.4 16.6 9.4 22.6l173.3 173.3c2.2 2.2 4.7 4 7.4 5.5v1.9h4.2c3.5 1.3 7.2 2 11 2H704c17.7 0 32-14.3 32-32V224c0-17.7-14.3-32-32-32zM350 856.2L263.9 770H350v86.2zM664 888H414V746c0-22.1-17.9-40-40-40H232V264h432v624z\\"></path></svg></i></button></div></div><div class=\\"ant-modal-footer\\"><div><button type=\\"button\\" class=\\"ant-btn\\"><span>Cancel</span></button><button type=\\"button\\" class=\\"ant-btn ant-btn-primary\\"><span>Enter Room</span></button></div></div></div><div tabindex=\\"0\\" style=\\"width: 0px; height: 0px; overflow: hidden;\\" aria-hidden=\\"true\\"></div></div></div></div>"`;

exports[`<CreateRoomModal /> before create room success should render as snapshot 1`] = `"<div class=\\"ant-modal-root\\"><div class=\\"ant-modal-mask fade-appear\\"></div><div tabindex=\\"-1\\" class=\\"ant-modal-wrap \\" role=\\"dialog\\" aria-labelledby=\\"rcDialogTitle1\\"><div role=\\"document\\" style=\\"width: 520px;\\" class=\\"ant-modal zoom-appear\\"><div tabindex=\\"0\\" style=\\"width: 0px; height: 0px; overflow: hidden;\\" aria-hidden=\\"true\\"></div><div class=\\"ant-modal-content\\"><button type=\\"button\\" aria-label=\\"Close\\" class=\\"ant-modal-close\\"><span class=\\"ant-modal-close-x\\"><i aria-label=\\"icon: close\\" class=\\"anticon anticon-close ant-modal-close-icon\\"><svg viewBox=\\"64 64 896 896\\" focusable=\\"false\\" class=\\"\\" data-icon=\\"close\\" width=\\"1em\\" height=\\"1em\\" fill=\\"currentColor\\" aria-hidden=\\"true\\"><path d=\\"M563.8 512l262.5-312.9c4.4-5.2.7-13.1-6.1-13.1h-79.8c-4.7 0-9.2 2.1-12.3 5.7L511.6 449.8 295.1 191.7c-3-3.6-7.5-5.7-12.3-5.7H203c-6.8 0-10.5 7.9-6.1 13.1L459.4 512 196.9 824.9A7.95 7.95 0 0 0 203 838h79.8c4.7 0 9.2-2.1 12.3-5.7l216.5-258.1 216.5 258.1c3 3.6 7.5 5.7 12.3 5.7h79.8c6.8 0 10.5-7.9 6.1-13.1L563.8 512z\\"></path></svg></i></span></button><div class=\\"ant-modal-header\\"><div class=\\"ant-modal-title\\" id=\\"rcDialogTitle1\\">Create a room</div></div><div class=\\"ant-modal-body\\"><span class=\\"ant-input-affix-wrapper\\"><span class=\\"ant-input-prefix\\"><i aria-label=\\"icon: user\\" class=\\"anticon anticon-user\\"><svg viewBox=\\"64 64 896 896\\" focusable=\\"false\\" class=\\"\\" data-icon=\\"user\\" width=\\"1em\\" height=\\"1em\\" fill=\\"currentColor\\" aria-hidden=\\"true\\"><path d=\\"M858.5 763.6a374 374 0 0 0-80.6-119.5 375.63 375.63 0 0 0-119.5-80.6c-.4-.2-.8-.3-1.2-.5C719.5 518 760 444.7 760 362c0-137-111-248-248-248S264 225 264 362c0 82.7 40.5 156 102.8 201.1-.4.2-.8.3-1.2.5-44.8 18.9-85 46-119.5 80.6a375.63 375.63 0 0 0-80.6 119.5A371.7 371.7 0 0 0 136 901.8a8 8 0 0 0 8 8.2h60c4.4 0 7.9-3.5 8-7.8 2-77.2 33-149.5 87.8-204.3 56.7-56.7 132-87.9 212.2-87.9s155.5 31.2 212.2 87.9C779 752.7 810 825 812 902.2c.1 4.4 3.6 7.8 8 7.8h60a8 8 0 0 0 8-8.2c-1-47.8-10.9-94.3-29.5-138.2zM512 534c-45.9 0-89.1-17.9-121.6-50.4S340 407.9 340 362c0-45.9 17.9-89.1 50.4-121.6S466.1 190 512 190s89.1 17.9 121.6 50.4S684 316.1 684 362c0 45.9-17.9 89.1-50.4 121.6S557.9 534 512 534z\\"></path></svg></i></span><input placeholder=\\"Please enter Candidate name\\" type=\\"text\\" class=\\"ant-input\\" value=\\"\\"></span></div><div class=\\"ant-modal-footer\\"><div><button type=\\"button\\" class=\\"ant-btn\\"><span>Cancel</span></button><button disabled=\\"\\" type=\\"button\\" class=\\"ant-btn ant-btn-primary\\"><span>Create</span></button></div></div></div><div tabindex=\\"0\\" style=\\"width: 0px; height: 0px; overflow: hidden;\\" aria-hidden=\\"true\\"></div></div></div></div>"`;
