// Jest Snapshot v1, https://goo.gl/fbAQLP

exports[`Grid index spec should render Grid properly 1`] = `
<div
  class="grid"
  style="width: 100%; height: 100%;"
>
  <div
    class="border  horizontal"
    style="width: 648px; padding-right: 1px;"
  >
    <div
      class="border  vertical"
      style="width: 647px; height: 462px; padding-bottom: 1px;"
    />
    <div
      class="border "
      style="width: 647px; height: -462px;"
    />
  </div>
  <div
    class="border "
    style="width: -647px;"
  >
    <div
      class="border "
      style="width: -647px; height: 0px;"
    />
  </div>
</div>
`;
