// Jest Snapshot v1, https://goo.gl/fbAQLP

exports[`TestList index should render TestList 1`] = `
<div
  class="ant-list ant-list-split"
>
  <div
    class="ant-spin-nested-loading"
  >
    <div
      class="ant-spin-container"
    >
      <ul
        class="ant-list-items"
      >
        <li
          class="ant-list-item"
        >
          <div
            class="ant-list-item-meta"
          >
            <div
              class="ant-list-item-meta-avatar"
            >
              <span
                class="ant-avatar avatar ant-avatar-circle ant-avatar-icon"
              >
                <i
                  aria-label="icon: code"
                  class="anticon anticon-code"
                >
                  <svg
                    aria-hidden="true"
                    class=""
                    data-icon="code"
                    fill="currentColor"
                    focusable="false"
                    height="1em"
                    viewBox="64 64 896 896"
                    width="1em"
                  >
                    <path
                      d="M516 673c0 4.4 3.4 8 7.5 8h185c4.1 0 7.5-3.6 7.5-8v-48c0-4.4-3.4-8-7.5-8h-185c-4.1 0-7.5 3.6-7.5 8v48zm-194.9 6.1l192-161c3.8-3.2 3.8-9.1 0-12.3l-192-160.9A7.95 7.95 0 0 0 308 351v62.7c0 2.4 1 4.6 2.9 6.1L420.7 512l-109.8 92.2a8.1 8.1 0 0 0-2.9 6.1V673c0 6.8 7.9 10.5 13.1 6.1zM880 112H144c-17.7 0-32 14.3-32 32v736c0 17.7 14.3 32 32 32h736c17.7 0 32-14.3 32-32V144c0-17.7-14.3-32-32-32zm-40 728H184V184h656v656z"
                    />
                  </svg>
                </i>
              </span>
            </div>
            <div
              class="ant-list-item-meta-content"
            >
              <h4
                class="ant-list-item-meta-title"
              >
                Zone
              </h4>
              <div
                class="ant-list-item-meta-description"
              >
                2020/01/17 12:02:09
              </div>
            </div>
          </div>
          <ul
            class="ant-list-item-action"
          >
            <li>
              <button
                candidate="Zone"
                class="ant-btn ant-btn-sm"
                interviewer="Hank"
                type="button"
              >
                <span>
                  Open Summary
                </span>
              </button>
              <em
                class="ant-list-item-action-split"
              />
            </li>
            <li>
              <a
                href="/admin/playback/9faebbd5-936e-4d3f-8345-ae63c100c9d7"
              >
                Playback
              </a>
            </li>
          </ul>
        </li>
        <li
          class="ant-list-item"
        >
          <div
            class="ant-list-item-meta"
          >
            <div
              class="ant-list-item-meta-avatar"
            >
              <span
                class="ant-avatar avatar ant-avatar-circle ant-avatar-icon"
              >
                <i
                  aria-label="icon: code"
                  class="anticon anticon-code"
                >
                  <svg
                    aria-hidden="true"
                    class=""
                    data-icon="code"
                    fill="currentColor"
                    focusable="false"
                    height="1em"
                    viewBox="64 64 896 896"
                    width="1em"
                  >
                    <path
                      d="M516 673c0 4.4 3.4 8 7.5 8h185c4.1 0 7.5-3.6 7.5-8v-48c0-4.4-3.4-8-7.5-8h-185c-4.1 0-7.5 3.6-7.5 8v48zm-194.9 6.1l192-161c3.8-3.2 3.8-9.1 0-12.3l-192-160.9A7.95 7.95 0 0 0 308 351v62.7c0 2.4 1 4.6 2.9 6.1L420.7 512l-109.8 92.2a8.1 8.1 0 0 0-2.9 6.1V673c0 6.8 7.9 10.5 13.1 6.1zM880 112H144c-17.7 0-32 14.3-32 32v736c0 17.7 14.3 32 32 32h736c17.7 0 32-14.3 32-32V144c0-17.7-14.3-32-32-32zm-40 728H184V184h656v656z"
                    />
                  </svg>
                </i>
              </span>
            </div>
            <div
              class="ant-list-item-meta-content"
            >
              <h4
                class="ant-list-item-meta-title"
              >
                testerror
              </h4>
              <div
                class="ant-list-item-meta-description"
              >
                2020/01/17 10:35:53
              </div>
            </div>
          </div>
          <button
            class="floatTop"
            type="button"
          >
            <i
              aria-label="icon: delete"
              class="anticon anticon-delete"
            >
              <svg
                aria-hidden="true"
                class=""
                data-icon="delete"
                fill="currentColor"
                focusable="false"
                height="1em"
                viewBox="64 64 896 896"
                width="1em"
              >
                <path
                  d="M292.7 840h438.6l24.2-512h-487z"
                  fill="#ffeae6"
                />
                <path
                  d="M864 256H736v-80c0-35.3-28.7-64-64-64H352c-35.3 0-64 28.7-64 64v80H160c-17.7 0-32 14.3-32 32v32c0 4.4 3.6 8 8 8h60.4l24.7 523c1.6 34.1 29.8 61 63.9 61h454c34.2 0 62.3-26.8 63.9-61l24.7-523H888c4.4 0 8-3.6 8-8v-32c0-17.7-14.3-32-32-32zm-504-72h304v72H360v-72zm371.3 656H292.7l-24.2-512h487l-24.2 512z"
                  fill="#f00"
                />
              </svg>
            </i>
          </button>
          <ul
            class="ant-list-item-action"
          >
            <li>
              <button
                candidate="testerror"
                class="ant-btn ant-btn-sm"
                interviewer="Kenny"
                type="button"
              >
                <span>
                  Open Summary
                </span>
              </button>
              <em
                class="ant-list-item-action-split"
              />
            </li>
            <li>
              <a
                href="/admin/playback/ea52ba9d-5d72-4ac2-8e22-ac4570264706"
              >
                Playback
              </a>
            </li>
          </ul>
        </li>
      </ul>
    </div>
  </div>
</div>
`;
