// Jest Snapshot v1, https://goo.gl/fbAQLP

exports[`<MainPage /> should render properly 1`] = `"<div class=\\"Mainpage\\"><div class=\\"control\\"><div><button type=\\"button\\" class=\\"ant-btn ant-btn-primary\\"><i aria-label=\\"icon: plus\\" class=\\"anticon anticon-plus\\"><svg viewBox=\\"64 64 896 896\\" focusable=\\"false\\" class=\\"\\" data-icon=\\"plus\\" width=\\"1em\\" height=\\"1em\\" fill=\\"currentColor\\" aria-hidden=\\"true\\"><path d=\\"M482 152h60q8 0 8 8v704q0 8-8 8h-60q-8 0-8-8V160q0-8 8-8z\\"></path><path d=\\"M176 474h672q8 0 8 8v60q0 8-8 8H176q-8 0-8-8v-60q0-8 8-8z\\"></path></svg></i><span>Create a room</span></button></div><div><span class=\\"ant-input-search ant-input-affix-wrapper\\" style=\\"width: 400px;\\"><input placeholder=\\"input search text\\" class=\\"ant-input\\" type=\\"text\\" value=\\"\\"><span class=\\"ant-input-suffix\\"><i aria-label=\\"icon: search\\" tabindex=\\"-1\\" class=\\"anticon anticon-search ant-input-search-icon\\"><svg viewBox=\\"64 64 896 896\\" focusable=\\"false\\" class=\\"\\" data-icon=\\"search\\" width=\\"1em\\" height=\\"1em\\" fill=\\"currentColor\\" aria-hidden=\\"true\\"><path d=\\"M909.6 854.5L649.9 594.8C690.2 542.7 712 479 712 412c0-80.2-31.3-155.4-87.9-212.1-56.6-56.7-132-87.9-212.1-87.9s-155.5 31.3-212.1 87.9C143.2 256.5 112 331.8 112 412c0 80.1 31.3 155.5 87.9 212.1C256.5 680.8 331.8 712 412 712c67 0 130.6-21.8 182.7-62l259.7 259.6a8.2 8.2 0 0 0 11.6 0l43.6-43.5a8.2 8.2 0 0 0 0-11.6zM570.4 570.4C528 612.7 471.8 636 412 636s-116-23.3-158.4-65.6C211.3 528 188 471.8 188 412s23.3-116.1 65.6-158.4C296 211.3 352.2 188 412 188s116.1 23.2 158.4 65.6S636 352.2 636 412s-23.3 116.1-65.6 158.4z\\"></path></svg></i></span></span></div></div><div class=\\"content\\"><div class=\\"ant-spin-nested-loading\\"><div class=\\"ant-spin-container\\"><div>RoomList</div></div></div></div><div>CreateRoomModal</div></div>"`;
