// Jest Snapshot v1, https://goo.gl/fbAQLP

exports[`<RoomList /> should render as snapshot 1`] = `"<span><ul style=\\"position: relative; width: 1095px; height: 200px;\\" class=\\"list\\"><li class=\\"listItem\\" style=\\"position: absolute; top: 0px; left: 0px; z-index: 2; opacity: 1; transform: translateX(0px) translateY(0px) scale(1);\\"><span class=\\"ant-tag ant-tag-has-color tag\\" style=\\"background-color: rgb(16, 142, 233);\\">Host</span><a href=\\"/admin/dispatch/f509ee49-c4d6-4d3c-b357-2d18454b01f2\\"><div class=\\"ant-card ant-card-bordered ant-card-hoverable\\"><div class=\\"ant-card-cover\\"><div class=\\"cover\\"><span class=\\"room\\">Room</span>Z77<button type=\\"button\\" class=\\"floatTop\\"><i aria-label=\\"icon: delete\\" class=\\"anticon anticon-delete\\"><svg viewBox=\\"64 64 896 896\\" focusable=\\"false\\" class=\\"\\" data-icon=\\"delete\\" width=\\"1em\\" height=\\"1em\\" fill=\\"currentColor\\" aria-hidden=\\"true\\"><path fill=\\"#ffeae6\\" d=\\"M292.7 840h438.6l24.2-512h-487z\\"></path><path fill=\\"#f00\\" d=\\"M864 256H736v-80c0-35.3-28.7-64-64-64H352c-35.3 0-64 28.7-64 64v80H160c-17.7 0-32 14.3-32 32v32c0 4.4 3.6 8 8 8h60.4l24.7 523c1.6 34.1 29.8 61 63.9 61h454c34.2 0 62.3-26.8 63.9-61l24.7-523H888c4.4 0 8-3.6 8-8v-32c0-17.7-14.3-32-32-32zm-504-72h304v72H360v-72zm371.3 656H292.7l-24.2-512h487l-24.2 512z\\"></path></svg></i></button></div></div><div class=\\"ant-card-body\\"><div class=\\"ant-card-meta\\"><div class=\\"ant-card-meta-avatar\\"><span class=\\"ant-avatar ant-avatar-circle ant-avatar-image\\"><img src=\\"avatar3.png\\"></span></div><div class=\\"ant-card-meta-detail\\"><div class=\\"ant-card-meta-title\\">test room 1</div><div class=\\"ant-card-meta-description\\">2020/01/31 15:07:03</div></div></div></div></div></a></li><li class=\\"listItem\\" style=\\"position: absolute; top: 0px; left: 0px; z-index: 2; opacity: 1; transform: translateX(275px) translateY(0px) scale(1);\\"><a href=\\"/admin/dispatch/c6f86538-3661-4cd3-a8e2-09578958bd39\\"><div class=\\"ant-card ant-card-bordered ant-card-hoverable\\"><div class=\\"ant-card-cover\\"><div class=\\"cover\\"><span class=\\"room\\">Room</span>V72</div></div><div class=\\"ant-card-body\\"><div class=\\"ant-card-meta\\"><div class=\\"ant-card-meta-avatar\\"><span class=\\"ant-avatar ant-avatar-circle ant-avatar-image\\"><img src=\\"avatar1.png\\"></span></div><div class=\\"ant-card-meta-detail\\"><div class=\\"ant-card-meta-title\\">test room 2</div><div class=\\"ant-card-meta-description\\">2020/01/31 15:06:41</div></div></div></div></div></a></li></ul></span>"`;

exports[`<RoomList /> should render properly when no data 1`] = `"<span></span>"`;
